أبي غسالة LG 10 كيلو | RESULTS | need=غسالة LG | n=22 | 11.3s
   - غسالة LG سعة 10 كيلو للبيع غسالة LG أوتوماتيك تعبئة علوية | None
   - غساله LG حجم 10 كيلو بحاله جيده | None
   - غسالة ونشافة LG WashTower 13 كيلو   10 كيلو WK1310BST | 5500.0
   - غسالة أوتوماتيك نوع LG 10 كيلو مستخدمة 8 سنوات | 750.0
   - غسالة LG حوضين 10كيلو للبيع تم البيع | None
   - غسالة ال جي فتحه علويه | 700.0
   - غسالة حوضين LG | None
   - غسالة اوتوماتيك | None
   - غساله ال جي تماتيك للبيع شغاله | 500.0
   - غسالة LG مستعملة | None
   - غسالة ملابس أوتوماتيك | None
أبي ايفون 13 مستعمل | RESULTS | need=ايفون 13 مستعمل | n=196 | 10.0s
   - ايفون مستعمل 13 عادي البطاريه 99 مغيره | 600.0
   - ايفون 13 | 1300.0
   - ايفون 13 برو ماكس مقفل | 850.0
   - ايفون 13 للبيع ( البيع مستعجل) | 1000.0
   - ايفون 13 برو | 700.0
   - ايفون 13 برو بطاية 75 بصمة الوجه لاتعمل حد 1350 | 1300.0
   - ايفون 13 برو ماكس | 1150.0
   - ايفون 13 نظيف | 1700.0
   - جوال ايفون 13 | 1150.0
   - جوال ايفون العادي 13 لون وردي | 1000.0
   - ايفون 13 برو نظيف | 1500.0
   - ايفون 13 برو ماكس ذهبي | 1900.0
أبي شقة 3 غرف للإيجار | RESULTS | need=شقة 3 غرف | n=156 | 11.0s
   - شقة أرضية فاخرة للإيجار في حي المروج   3 غرف   حوش خاص | None
   - شقة واسعة للإيجار بالمرجان 3 غرف   مكيفات راكبة | None
   - شقة واسعة للإيجار 3 غرف   حي القيروان | None
   - شقة روف 3 غرف مع سطح للإيجار الرياض - حي المنار | None
   - شقة للإيجار حي الياسمين شمال الرياض - دور أول - 3 غرف نوم | None
   - شقة للايجار 3 غرف وصاله حي اليرموك الغربي | None
   - شقة روف 3 غرف وصالة للإيجار حي المنار الرياض | None
   - شقة بحي ثلاث غرف وصاله مطبخ دور اول للإيجار حي المونسيه | None
   - شقة ثلاث غرف للإيجار   حي التعاون | None
   - شقة فاخره 3 غرف وصالة | None
   - شقه 3 غرف واسعة جديده مع موقف حي العوالي | None
   - شقة ثلاث غرف وصالة شمال الرياض مفروشة | None
أبي مكيف سبليت 2 طن | RESULTS | need=مكيف سبليت | n=56 | 10.6s
   - مكيف سبليت 2 طن جاهز للاستلام مشكلة بسيطة | 1000.0
   - دبليو بوكس بلس مكيف سبليت 24000 وحدة   2 طن   بارد عرض خاص | 2399.0
   - مكيف سبليت سامسونج 2 طن شبه جديد. | 2000.0
   - مكيف سبليت 2 طن انفرتر Gree | 1900.0
   - مكيف ام تي سي سبليت إنفرتر 22000 وحدة   2 طن   بارد عرض خاص | 2309.0
   - مكيف بلازما جولد سبليت 2 طن للبيع العاجل | 700.0
   - مكيف اسبليت 2 طن للبيع | 1100.0
   - مكيف اسبليت نظيف طنين سعره 1500 | 1500.0
   - مكيف بيسك سبليت سبلت بارددد ثلاجة مقاس 2 طن نظيف تم البيع | None
   - مكيف سبليت حار بارد 2 طن شغال ما فيه اي عيوب او مشاكل للبيع | None
   - مكيف اسبليت بارد 2 طن | None
   - بلازما جولد سبليت مكيف 2 طن | 700.0
أبي لابتوب للدراسة | RESULTS | need=لابتوب للدراسة | n=200 | 10.3s
   - لابتوب HP Victus 15 للدراسة والقيمنق استخدام سنة حالة ممتاز | 2100.0
   - لابتوب hp 15 انش قوي للتصفح والدراسة والعاب خفيفة جداً | 250.0
   - لابتوب أسوس ASUS TUF Gaming للألعاب  التصميم  الدراسة | 1850.0
   - لابتوب هواوي i5 جيل 10 - ممتااز للدراسة والعمل | 1300.0
   - لابتوب دراسة | 1500.0
   - للبيع لابتوب 5430 deel مناسب للعمل والدراسه | 1400.0
   - لابتوب هواوي للعمل والدراسه والمونتاج | 1300.0
   - لاب توب Acer للبيع (نظيف ومناسب للدراسة) | 500.0
   - لابتوب للدراسة | None
   - للبيع لابتوب HP Pavilion 15 مواصفات مناسبة للعمل والدراسة | None
   - لابتوب مكتبي مخصص للدراسة استعمال نظيف ما فيه ولا كسر | 500.0
   - لابتوب HB للبيع ممتاز للدراسه و الاختبارات | 250.0
أبي كامري 2015 مستعملة | RESULTS | need=كامري 2015 | n=70 | 9.5s
   - للبيع كامري 2015 | 33000.0
   - كامري 2015 | 35000.0
   - تويوتا كامري 2015 2015 | 26000.0
   - كامري 2015 limted للبيع | None
   - كامري مديل 2015تشليح | None
   - تويوتا كامري موديل 2015 | None
   - كامري 2015 فل سعودس نظيييفة ومصينة بالكامل | None
   - كامري 2015 فضي | None
   - كامري 2015 ستاندر بانزين | None
   - كامري 2015 للبيع | None
   - كامري GL موديل 2015 | None
   - كامري 2015 ستاندر للبيع | None
أبي بلايستيشن 5 | RESULTS | need=بلايستيشن 5 | n=200 | 11.4s
   - سماعة سوني بلايستيشن 5 Sony PlayStation 5 | 300.0
   - Sony 5 بلايستيشن 5 مع كامل اغراضه   سماعة   شرايط | 2300.0
   - سوني بلايستيشن 5 Sony Playstation | 1850.0
   - بلايستيشن 5 برو   playstation 5 Pro (جهازين) | 4200.0
   - بلايستيشن 5 مستعمل للبيع | 1900.0
   - PS5 pro 2TB  بلايستيشن 5 برو ثنين تيرا | 4850.0
   - بلايستيشن 5 برو مع محرك أقراص كرتون وكامل الأغراض   10 ألعاب | 4500.0
   - بلايستيشن 5 النسخة الرقمية   Playstation 5 digital edition | 1800.0
   - بلايستيشن 5 سليم ديجيتال PS5 Slim Digital | 2400.0
   - PlayStation 5 Pro 2TB للبيع بلاستيشن | None
   - للبيع  شاشة قيمنق ASUS   بلايستيشن 5 Slim Digital | None
   - سوني بلايستيشن 5   PS5 نسخة الأقراص 1 تيرا جديد بالكرتون | None
أبي طاولة طعام 8 كراسي | RESULTS | need=طاولة طعام كراسي الرياض | n=200 | 10.4s
   - طاوله طعام انيقه نظيفه رخام مع 4 كراسي جلد | 350.0
   - طاولة طعام 8 كراسي كبيرة مقاس 180 180 | 1234.0
   - طاولة طعام مع كراسي  هوم سنتر | 1000.0
   - طاوله طعام 6 كراسي | 300.0
   - dining table طاولة طعام خشبية أنيقة مع 6 كراسي بحالة ممتازة | 500.0
   - طاولة طعام مستعمله 8 كراسي | 600.0
   - طاولة طعام مع 8 كراسي نظيفة جدا. السعر 500 | 500.0
   - كراسي طاولة طعام رمادية | 120.0
   - طاولة طعام مع 4 كراسي ( اكسترا)   كالجديده | 350.0
   - طاولة طعام كبيرة ب 10 كراسي نظيفة جدا بدون اي عيب للبيع | 2000.0
   - طاولة طعام ممتازة 6 كراسي | 250.0
   - طقم طاولة طعام فاااخره 10 كراسي جديد بان هوم | 4609.0
أبي شاشة 55 بوصة | RESULTS | need=شاشة 55 بوصة | n=200 | 10.1s
   - شاشة دانسات 55 بوصة اندرويد | 500.0
   - شاشة كلاس برو 55 بوصة سمارت 4K نظيفة(البيع مستعجل) | 600.0
   - للبيع العاجل شاشة TCL سمارت 55 بوصة 4K بحالة ممتازة | 900.0
   - شاشة تلفزيون سوني 55 بوصة 4K مع صوت محيطي مع الريموت الاصلي | 1100.0
   - شاشة شاومي 55 بوصة 4K | 650.0
   - شاشة 55 بوصة WebOs سمارت KMC4K | 1000.0
   - للبيع شاشه Xiaomi TV A Pro 55 بو صه شبه جديدة استعمال شهرين | 1300.0
   - شاشه 55 بوصله مستعمله نظيفه | 250.0
   - شاشة 55 بوصة سمارت اخت الجديد للبيع | 700.0
   - Hisense QLED E7   55 شاشة | 1200.0
   - شاشه lg 55 | 400.0
   - شاشة TCL بوصة 55 QLED | 1000.0
أبي ايباد للأطفال | RESULTS | need=آيباد أطفال | n=62 | 9.5s
   - ايباد قرآن للأطفال لتعليم جزء عم جهاز تعليمي تفاعلي للاطفال | 79.0
   - ايباد اطفال موديل صيني A36 سيتم فرمتته | 200.0
   - ايباد تعليم الاطفال القران الكريم جزء عم اجهزة تعليمية | 69.0
   - للبيع ايباد أطفال شريحتين نظيف ويدعم 5g | None
   - ايباد صيني للاطفال | None
   - ايباد اطفال فقط المجمعة مع كفر السوم 50 | 50.0
   - للبيع ايباد شبيه ايفون 17 مناسب للاطفال جدا | None
   - ايباد هواوي جديد مناسب للاطفال | None
   - ايباد | 200.0
   - تاب .. ايباد | 250.0
   - ايباد اندروايد جديد غير مستعمل | 500.0
   - ايباد ليس لي به حاجه | 250.0
أبي سباك في جدة يصلح سخان | LOCATION_AMBIGUOUS | need=سباك سخان | n=0 | 2.9s
أبي كهربائي بالدمام | LOCATION_AMBIGUOUS | need=فني كهربائي | n=0 | 1.9s
أبي نقل عفش داخل جدة | LOCATION_AMBIGUOUS | need=نقل عفش | n=0 | 2.2s
أبي معلم دهان في الخبر | LOCATION_AMBIGUOUS | need=معلم دهان | n=0 | 2.4s
أبي مقاول ترميم حمام | RESULTS | need=ترميم حمام | n=138 | 10.4s
   - مخلفات ترميم فيلا - ابواب - دكت مكيف صحراوي - كراسي حمام ور | 1000.0
   - مقاول ترميم وصيانة منازل بالرياض  تجديد حمامات ومطابخ بالكام | None
   - مقاول تكسير وترميم جدران حمامات مطبخ جم | None
   - انا مقاول ترميم ابني غرفه ملحق او كسر حمام جدران واسوي سيرام | None
   - ترميم مطابخ وحمامات. قص نعلات عادي وتر جيت تفصيل مغاسل | None
   - مقاول سباكه - ترميم حمامات ومطابخ . افضل فنين في أعمال السبا | 100.0
   - تكسير ترميم الياسا بلاط بنا عازل سطح حمام جپسم بورد | 50.0
   - تكسير وترميم جدران الحمامات والمطبخ | None
   - سباك ترميم حمامات خبره | None
   - ترميم حمامات | 15000.0
   - مقاول تكسير وترميم حمامات ارضيات | None
   - مقاول باكستاني تكسير وترميم حمامات هرزيات جدران هوش سطحه | None
أبي غرفة نوم كاملة | RESULTS | need=غرفة نوم كاملة | n=184 | 11.0s
   - غرفة نوم كامله مع كنب للبيع | 650.0
   - غرفة نوم كاملة ممتازة هوم بوكس نظيفة بدون خدش | 1000.0
   - غرفة نوم كاملة كينج | 800.0
   - غرفة نوم كامله | 700.0
   - غرفة نوم كاملة للبيع   نظيفة جدًا ومتكاملة | 2500.0
   - غرفة نوم كاملة فرد | 800.0
   - غرفة نوم كاملة شبه جديدة للبيع   استخدام سنة فقط | 7500.0
   - غرفة نوم كاملة للبيع   سرير   كمودينات   دولاب | 2000.0
   - غرفة نوم كاملة للبيع 2000 ريال | 2000.0
   - غرفة نوم بنات كاملة فخمة بتصميم أميرات 5 قطع | 5500.0
   - غرفة نوم مودرن شبه جديدة كاملة   استخدام سنة   الياسمي | 10000.0
   - غرفة نوم خشب مصري فخمة وكاملة   فرصة للبيع | 4500.0
أبي خيمة للبر | RESULTS | need=خيمة برية | n=44 | 11.7s
   - خيمه بر متنقله 4في 3 | 2970.0
   - خيمة بر عائلية | 170.0
   - خيمة بريه مبطنه مقاس 3.3 | None
   - خيام أوروبية وجلسات بر الرياض   تجهيز مخيمات ومناسبات   مسام | None
   - خيمه رحلات برواق امامي | None
   - خيام بر | None
   - خيمة بر | None
   - خيمة رمال صحراوية ضد الشمس والمطر 3 3 ارتفاع 2.5 | 1070.0
   - خيمة مكشات سفرية | 650.0
   - خيام سفري اللون رملي 4 4 | 990.0
   - خيمة سفري باكستاني طبقتين قطن 100 | 890.0
   - خيمة شتوية | 400.0
أبي مولد كهرباء 5 كيلو صامت | RESULTS | need=مولد كهرباء | n=30 | 9.8s
   - مولد كهرباء صامت إنفرتر ماركة آيباور 10.5 كيلو واط | None
   - مولد كهرباء ديزل vackson اصلي 13.5 كيلو الاقصى | None
   - مولد كهرباء صافي 5كيلو مدمج مع مكينه لحام اثنين في واحد | None
   - مولد كهرباء كتر بلر 50 كيلو ديزل موديل 2014 | None
   - ماطور كهرب مولد كهرباء انفرتر صامت VOLTT VG550 | 2800.0
   - ماطور كهرباء ديزل كاتم | None
   - مولد كهرباء 13000 بنزين 3 فاز سيلف | None
   - مولد كهرباء 8000 هوندا ياباني بنزين سيلف | None
   - مولد كهرباء 5500 ديزل سيلف | None
   - ماطور كهرباء هوندا 8.5 كيلو | 2000.0
   - مولد 5 كيلو بنزين | None
   - مولد ديزل 5.5 كيلو | None
أبي بطارية طاقة شمسية 200 أمبير | RESULTS | need=بطارية طاقة شمسية | n=76 | 11.7s
   - لوح طاقه شمسيه مع محول مع منضم 1000واط مع بطاريه 200 انبير | None
   - بطاريه جل طاقه شمسيه فتناميه. 200 امبير | None
   - بطارية ليثيوم 200 أمبير 12 فولت LiFePO4 بطارية طاقة شمسي | 1990.0
   - بطاريه طاقه شمسيه | 450.0
   - كشاف طاقه شمسيه LED 300w | 220.0
   - مجموعة 4 كاميرات بالطاقة الشمسية بشريحة واحدة بمودم 200متر | 1299.0
   - محول طاقة شمسية ولوح وبطارية جل | None
   - نظام الاظاءه بالطاقة الشمسية | None
   - كاميرا مراقبة بطارية طاقة شمسية شريحة بيانات | None
   - مصباح إضاءة يعمل بالطاقة الشمسية مع مستشعر حركة يثبت بالحائط | None
   - كشاف بالطاقة الشمسية 200 واط من دينكس - اضائة قوية للمساحات | None
   - كشاف الطاقة الشمسية 300W LED | None
أبي دراجة هوائية للكبار | RESULTS | need=دراجة هوائية | n=134 | 9.9s
   - دراجه هوائيه سبور رياضي مقاس 29 كفرات عريض هيكل المنيوم | 700.0
   - دراجة هوائية رياضية | 250.0
   - دراجة هوائية رياضية قابلة للطي | 811.0
   - دراجة هوائية قابل للطي براق برو سيكل رياضي مقاس 26 انش | 598.0
   - دراجة هوائية وجهاز تجديف | 800.0
   - دراجة هوائية رياضية مقاس 26 نظيفة جدا مع كامل الاكسسوارات. | 1000.0
   - دراجه هوائيه رياضيه ممتازه بعداد الكتروني للبيع بالرياض | 350.0
   - دراجه هوائيه رياضيه ممتازه جدا للبيع بالرياض | 350.0
   - دراجه هوائيه | 350.0
   - دراجة هوائية للتمارين الرياضية | 300.0
   - دراجه هوائية   air bike | 1500.0
   - دراجة هوائية للبيع | 550.0
DONE 20
