start DOMContentLoaded in 0.53 s
networkidle at 4.29 s ; url = https://www.farq.sa/?scope=restaurant&vertical=restaurant
elements with text 'تسعير': 1
   0 'تسعير' visible= True box= {'x': 53.734375, 'y': 178, 'width': 30.546875, 'height': 15} tag= SPAN#.sector-tab__label
URL after tap: https://www.farq.sa/taseer in 0.12 s
iframe element at 0.45 s
Taseer composer ready at 1.3 s after tap
iframe box: {'x': 0, 'y': 222.1875, 'width': 390, 'height': 621.8125} viewport: (390, 844)
CTA visible: True box: {'x': 19.796875, 'y': 1009.640625, 'width': 350.40625, 'height': 52.0625}
home headline: فرق Farq
Traceback (most recent call last):
  File "/Users/m4pro/Farq-taseer/docs/audits/qa_2026-09-26/journey_prod.py", line 88, in <module>
    t2 = time.time(); cta.click()
  File "/Users/m4pro/Library/Python/3.9/lib/python/site-packages/playwright/sync_api/_generated.py", line 17422, in click
    self._sync(
  File "/Users/m4pro/Library/Python/3.9/lib/python/site-packages/playwright/_impl/_sync_base.py", line 115, in _sync
    return task.result()
  File "/Users/m4pro/Library/Python/3.9/lib/python/site-packages/playwright/_impl/_locator.py", line 163, in click
    return await self._frame._click(self._selector, strict=True, **params)
  File "/Users/m4pro/Library/Python/3.9/lib/python/site-packages/playwright/_impl/_frame.py", line 569, in _click
    await self._channel.send("click", self._timeout, locals_to_params(locals()))
  File "/Users/m4pro/Library/Python/3.9/lib/python/site-packages/playwright/_impl/_connection.py", line 69, in send
    return await self._connection.wrap_api_call(
  File "/Users/m4pro/Library/Python/3.9/lib/python/site-packages/playwright/_impl/_connection.py", line 559, in wrap_api_call
    raise rewrite_error(error, f"{parsed_st['apiName']}: {error}") from None
playwright._impl._errors.TimeoutError: Locator.click: Timeout 30000ms exceeded.
Call log:
  - waiting for locator("iframe[data-testid=taseer-embed]").content_frame.locator("button[form=composer]")
    - locator resolved to <button type="submit" form="composer" class="fq-btn breathe">ابدأ التسعير</button>
  - attempting click action
    2 × waiting for element to be visible, enabled and stable
      - element is visible, enabled and stable
      - scrolling into view if needed
      - done scrolling
      - <div class="flex items-center gap-2 shrink-0">…</div> from <div dir="rtl" role="dialog" tabindex="-1" aria-modal="true" aria-live="polite" data-sector="taseer" aria-label="إشعار ملفات تعريف الارتباط" class="fixed bottom-0 left-0 right-0 z-50 bg-surface border-t border-line shadow-lg p-4 pb-[calc(1rem+env(safe-area-inset-bottom,0px)+4.5rem)] sm:p-5 sm:pb-[calc(1.25rem+env(safe-area-inset-bottom,0px)+4.5rem)] animate-in slide-in-from-bottom-4 duration-300 outline-none">…</div> subtree intercepts pointer events
    - retrying click action
    - waiting 20ms
    2 × waiting for element to be visible, enabled and stable
      - element is visible, enabled and stable
      - scrolling into view if needed
      - done scrolling
      - <div dir="rtl" role="dialog" tabindex="-1" aria-modal="true" aria-live="polite" data-sector="taseer" aria-label="إشعار ملفات تعريف الارتباط" class="fixed bottom-0 left-0 right-0 z-50 bg-surface border-t border-line shadow-lg p-4 pb-[calc(1rem+env(safe-area-inset-bottom,0px)+4.5rem)] sm:p-5 sm:pb-[calc(1.25rem+env(safe-area-inset-bottom,0px)+4.5rem)] animate-in slide-in-from-bottom-4 duration-300 outline-none">…</div> intercepts pointer events
    - retrying click action
      - waiting 100ms
    13 × waiting for element to be visible, enabled and stable
       - element is visible, enabled and stable
       - scrolling into view if needed
       - done scrolling
       - <div dir="rtl" role="dialog" tabindex="-1" aria-modal="true" aria-live="polite" data-sector="taseer" aria-label="إشعار ملفات تعريف الارتباط" class="fixed bottom-0 left-0 right-0 z-50 bg-surface border-t border-line shadow-lg p-4 pb-[calc(1rem+env(safe-area-inset-bottom,0px)+4.5rem)] sm:p-5 sm:pb-[calc(1.25rem+env(safe-area-inset-bottom,0px)+4.5rem)] animate-in slide-in-from-bottom-4 duration-300 outline-none">…</div> intercepts pointer events
     - retrying click action
       - waiting 500ms
       - waiting for element to be visible, enabled and stable
       - element is visible, enabled and stable
       - scrolling into view if needed
       - done scrolling
       - <div class="flex items-center gap-2 shrink-0">…</div> from <div dir="rtl" role="dialog" tabindex="-1" aria-modal="true" aria-live="polite" data-sector="taseer" aria-label="إشعار ملفات تعريف الارتباط" class="fixed bottom-0 left-0 right-0 z-50 bg-surface border-t border-line shadow-lg p-4 pb-[calc(1rem+env(safe-area-inset-bottom,0px)+4.5rem)] sm:p-5 sm:pb-[calc(1.25rem+env(safe-area-inset-bottom,0px)+4.5rem)] animate-in slide-in-from-bottom-4 duration-300 outline-none">…</div> subtree intercepts pointer events
     - retrying click action
       - waiting 500ms
       - waiting for element to be visible, enabled and stable
       - element is visible, enabled and stable
       - scrolling into view if needed
       - done scrolling
       - <div dir="rtl" role="dialog" tabindex="-1" aria-modal="true" aria-live="polite" data-sector="taseer" aria-label="إشعار ملفات تعريف الارتباط" class="fixed bottom-0 left-0 right-0 z-50 bg-surface border-t border-line shadow-lg p-4 pb-[calc(1rem+env(safe-area-inset-bottom,0px)+4.5rem)] sm:p-5 sm:pb-[calc(1.25rem+env(safe-area-inset-bottom,0px)+4.5rem)] animate-in slide-in-from-bottom-4 duration-300 outline-none">…</div> intercepts pointer events
     - retrying click action
       - waiting 500ms
       - waiting for element to be visible, enabled and stable
       - element is visible, enabled and stable
       - scrolling into view if needed
       - done scrolling
       - <div dir="rtl" role="dialog" tabindex="-1" aria-modal="true" aria-live="polite" data-sector="taseer" aria-label="إشعار ملفات تعريف الارتباط" class="fixed bottom-0 left-0 right-0 z-50 bg-surface border-t border-line shadow-lg p-4 pb-[calc(1rem+env(safe-area-inset-bottom,0px)+4.5rem)] sm:p-5 sm:pb-[calc(1.25rem+env(safe-area-inset-bottom,0px)+4.5rem)] animate-in slide-in-from-bottom-4 duration-300 outline-none">…</div> intercepts pointer events
     - retrying click action
       - waiting 500ms
    - waiting for element to be visible, enabled and stable
    - element is visible, enabled and stable
    - scrolling into view if needed
    - done scrolling
    - <div dir="rtl" role="dialog" tabindex="-1" aria-modal="true" aria-live="polite" data-sector="taseer" aria-label="إشعار ملفات تعريف الارتباط" class="fixed bottom-0 left-0 right-0 z-50 bg-surface border-t border-line shadow-lg p-4 pb-[calc(1rem+env(safe-area-inset-bottom,0px)+4.5rem)] sm:p-5 sm:pb-[calc(1.25rem+env(safe-area-inset-bottom,0px)+4.5rem)] animate-in slide-in-from-bottom-4 duration-300 outline-none">…</div> intercepts pointer events
  - retrying click action
    - waiting 500ms
    - waiting for element to be visible, enabled and stable
    - element is visible, enabled and stable
    - scrolling into view if needed
    - done scrolling
    - <div class="flex items-center gap-2 shrink-0">…</div> from <div dir="rtl" role="dialog" tabindex="-1" aria-modal="true" aria-live="polite" data-sector="taseer" aria-label="إشعار ملفات تعريف الارتباط" class="fixed bottom-0 left-0 right-0 z-50 bg-surface border-t border-line shadow-lg p-4 pb-[calc(1rem+env(safe-area-inset-bottom,0px)+4.5rem)] sm:p-5 sm:pb-[calc(1.25rem+env(safe-area-inset-bottom,0px)+4.5rem)] animate-in slide-in-from-bottom-4 duration-300 outline-none">…</div> subtree intercepts pointer events
  - retrying click action
    - waiting 500ms

